G4BL_DIR=/home/incik/G4beamline-3.08
G4LEDATA=/home/incik/Geant4Data/G4EMLOW8.0
G4ENSDFSTATEDATA=/home/incik/Geant4Data/G4ENSDFSTATE2.3
G4PARTICLEXSDATA=/home/incik/Geant4Data/G4PARTICLEXS4.0
G4LEVELGAMMADATA=/home/incik/Geant4Data/PhotonEvaporation5.7
G4RADIOACTIVEDATA=/home/incik/Geant4Data/RadioactiveDecay5.6
G4beamline Process ID 17384

*************************************************************
 g4beamline version: 3.08                        (Aug 11 2022)
                      Copyright : Tom Roberts, Muons, Inc.
                        License : Gnu Public License
                            WWW : http://g4beamline.muonsinc.com

          ################################
          !!! G4Backtrace is activated !!!
          ################################


**************************************************************
 Geant4 version Name: geant4-11-00-patch-02 [MT]   (25-May-2022)
                       Copyright : Geant4 Collaboration
                      References : NIM A 506 (2003), 250-303
                                 : IEEE-TNS 53 (2006), 270-278
                                 : NIM A 835 (2016), 186-225
                             WWW : http://geant4.org/
**************************************************************

param        viewer        best,1
geometry                   nPoints=100 printGeometry=0 visual=0
                           tolerance=0.002
param        zbegin        0.0
start                      x=0 y=0 z=0 initialZ=0 rotation= radiusCut=120
                           ring=0
param        steppingFormat N,GLOBAL,CL,STEP,VOL,PROCESS,P,KE,POLAR,B
param        fieldVoxels   400,400,400
param        maxStep       100.0  (already defined)
param        maxStepInWedge 0.1
param        minRangeCut   1
G4PhysListFactory::GetReferencePhysList <QGSP_BERT>  EMoption= 0
<<< Geant4 Physics List simulation engine: QGSP_BERT


physics      QGSP_BERT     disable= inactivate= deactivate= doStochastics=1
                           fluct=1 minRangeCut=1 list=0 gammaToMuPair=0
                           spinTracking=1 synchrotronRadiation=1
                           synchrotronRadiationMuon=0 maxTime=1e+06
trackcuts                  kill= keep=mu+ killSecondaries=0 kineticEnergyCut=0
                           kineticEnergyMax=1.798e+308 maxTime=1e+06
                           keepPrimaries=0 steppingVerbose=0
param        fieldVoxels   50,50,400
particlecolor              proton=1,1,1
particlecolor              pi+=0,1,0
particlecolor              mu+=1,0.5,0
particlecolor              mu-=0,1,0
particlecolor              e+=1,0,0
particlecolor              gamma=0,0,1
particlecolor              e-=1,0.5,0
param        nparticles    12000
param        beamfile      particles_after_bupt.txt
param        VDRad         285.73
param        outname       particles_after_driftm
beam    ASCII   nEvents=12000 firstEvent=-1 lastEvent=2147483647 beamZ=0.0 maxR=1000000.0 renumber=0 weight=1.000000 
		filename=particles_after_bupt.txt format=BLTrackFile 
		
trace                      nTrace=1 format=asciiTrace oneNTuple=1
                           primaryOnly=0 traceTune=1 filename=AllTracks
                           file=AllTracks require= coordinates=Centerline
virtualdetector VD         radius=285.7 innerRadius=0 height=571.5 width=571.5
                           length=0.2 maxStep=100 material= color=1,1,1
                           noSingles=0 format=asciiextended filename= file=
                           require= referenceParticle=0 coordinates=centerline
                           kill=0
genericquad  Q1            fieldLength=150 ironLength=150 ironRadius=290.7
                           apertureRadius=285.7 poleTipRadius=0 coilRadius=0
                           coilHalfwidth=0 coilHalfWidth=0 gradient=-8.807
                           maxStep=100 ironMaterial=Fe fieldMaterial=Vacuum
                           ironColor=1,1,1 kill=0 fringe= fringeFactor=1
                           openAperture=0
genericquad  Q2            fieldLength=150 ironLength=150 ironRadius=290.7
                           apertureRadius=285.7 poleTipRadius=0 coilRadius=0
                           coilHalfwidth=0 coilHalfWidth=0 gradient=5.221
                           maxStep=100 ironMaterial=Fe fieldMaterial=Vacuum
                           ironColor=1,1,1 kill=0 fringe= fringeFactor=1
                           openAperture=0
genericquad  Q3            fieldLength=150 ironLength=150 ironRadius=290.7
                           apertureRadius=285.7 poleTipRadius=0 coilRadius=0
                           coilHalfwidth=0 coilHalfWidth=0 gradient=-2.025
                           maxStep=100 ironMaterial=Fe fieldMaterial=Vacuum
                           ironColor=1,1,1 kill=0 fringe= fringeFactor=1
                           openAperture=0
genericquad  Q4            fieldLength=150 ironLength=150 ironRadius=290.7
                           apertureRadius=285.7 poleTipRadius=0 coilRadius=0
                           coilHalfwidth=0 coilHalfWidth=0 gradient=-3.381
                           maxStep=100 ironMaterial=Fe fieldMaterial=Vacuum
                           ironColor=1,1,1 kill=0 fringe= fringeFactor=1
                           openAperture=0
genericquad  QF1H          fieldLength=150 ironLength=150 ironRadius=290.7
                           apertureRadius=285.7 poleTipRadius=0 coilRadius=0
                           coilHalfwidth=0 coilHalfWidth=0 gradient=5.606
                           maxStep=100 ironMaterial=Fe fieldMaterial=Vacuum
                           ironColor=1,1,1 kill=0 fringe= fringeFactor=1
                           openAperture=0
genericquad  QD1H          fieldLength=150 ironLength=150 ironRadius=290.7
                           apertureRadius=285.7 poleTipRadius=0 coilRadius=0
                           coilHalfwidth=0 coilHalfWidth=0 gradient=-5.606
                           maxStep=100 ironMaterial=Fe fieldMaterial=Vacuum
                           ironColor=1,1,1 kill=0 fringe= fringeFactor=1
                           openAperture=0
genericquad  Q5            fieldLength=150 ironLength=150 ironRadius=290.7
                           apertureRadius=285.7 poleTipRadius=0 coilRadius=0
                           coilHalfwidth=0 coilHalfWidth=0 gradient=26.39
                           maxStep=100 ironMaterial=Fe fieldMaterial=Vacuum
                           ironColor=1,1,1 kill=0 fringe= fringeFactor=1
                           openAperture=0
genericquad  Q6            fieldLength=150 ironLength=150 ironRadius=290.7
                           apertureRadius=285.7 poleTipRadius=0 coilRadius=0
                           coilHalfwidth=0 coilHalfWidth=0 gradient=-10.16
                           maxStep=100 ironMaterial=Fe fieldMaterial=Vacuum
                           ironColor=1,1,1 kill=0 fringe= fringeFactor=1
                           openAperture=0
genericquad  Q7            fieldLength=150 ironLength=150 ironRadius=290.7
                           apertureRadius=285.7 poleTipRadius=0 coilRadius=0
                           coilHalfwidth=0 coilHalfWidth=0 gradient=6.488
                           maxStep=100 ironMaterial=Fe fieldMaterial=Vacuum
                           ironColor=1,1,1 kill=0 fringe= fringeFactor=1
                           openAperture=0
genericquad  Q8            fieldLength=150 ironLength=150 ironRadius=290.7
                           apertureRadius=285.7 poleTipRadius=0 coilRadius=0
                           coilHalfwidth=0 coilHalfWidth=0 gradient=-7.733
                           maxStep=100 ironMaterial=Fe fieldMaterial=Vacuum
                           ironColor=1,1,1 kill=0 fringe= fringeFactor=1
                           openAperture=0
place   Q1      copies=1 x=0.0 y=0.0 z=250.0 
place   Q2      copies=1 x=0.0 y=0.0 z=800.0 
place   Q3      copies=1 x=0.0 y=0.0 z=1350.0 
place   Q4      copies=1 x=0.0 y=0.0 z=2150.0 
place   QF1H    copies=1 x=0.0 y=0.0 z=2700.0 
place   QD1H    copies=1 x=0.0 y=0.0 z=3250.0 
place   QF1H    copies=1 x=0.0 y=0.0 z=3800.0 
place   QD1H    copies=1 x=0.0 y=0.0 z=4350.0 
place   QF1H    copies=1 x=0.0 y=0.0 z=4900.0 
place   QD1H    copies=1 x=0.0 y=0.0 z=5450.0 
place   QF1H    copies=1 x=0.0 y=0.0 z=6000.0 
place   QD1H    copies=1 x=0.0 y=0.0 z=6550.0 
place   QF1H    copies=1 x=0.0 y=0.0 z=7100.0 
place   QD1H    copies=1 x=0.0 y=0.0 z=7650.0 
place   QF1H    copies=1 x=0.0 y=0.0 z=8200.0 
place   QD1H    copies=1 x=0.0 y=0.0 z=8750.0 
place   QF1H    copies=1 x=0.0 y=0.0 z=9300.0 
place   QD1H    copies=1 x=0.0 y=0.0 z=9850.0 
place   QF1H    copies=1 x=0.0 y=0.0 z=10400.0 
place   QD1H    copies=1 x=0.0 y=0.0 z=10950.0 
place   QF1H    copies=1 x=0.0 y=0.0 z=11500.0 
place   QD1H    copies=1 x=0.0 y=0.0 z=12050.0 
place   QF1H    copies=1 x=0.0 y=0.0 z=12600.0 
place   QD1H    copies=1 x=0.0 y=0.0 z=13150.0 
place   QF1H    copies=1 x=0.0 y=0.0 z=13700.0 
place   Q5      copies=1 x=0.0 y=0.0 z=14250.0 
place   Q6      copies=1 x=0.0 y=0.0 z=15050.0 
place   Q7      copies=1 x=0.0 y=0.0 z=15600.0 
place   Q8      copies=1 x=0.0 y=0.0 z=16150.0 
place   VD      copies=1 x=0.0 y=0.0 z=13800.1 rename='particles_after_driftm'
                format=ascii

World size (before incrementing by 201.357 mm): 581.5 H  581.5 W  32450.0 L

PARAMETERS:
          VDRad=285.73
            Zcl=13800.2
       beamfile=particles_after_bupt.txt
     deltaChord=3.0
deltaIntersection=0.1
   deltaOneStep=0.01
         epsMax=0.05
         epsMin=2.5e-7
 eventTimeLimit=30
    fieldVoxels=50,50,400
      histoFile=g4beamline
    histoUpdate=0
        maxStep=100.0
 maxStepInWedge=0.1
    minRangeCut=1
        minStep=0.01
     nparticles=12000
        outname=particles_after_driftm
 steppingFormat=N,GLOBAL,CL,STEP,VOL,PROCESS,P,KE,POLAR,B
steppingVerbose=0
         viewer=best,1
 wallClockLimit=-1
  worldMaterial=Vacuum
     zTolerance=2.0
         zbegin=0.0
Checking overlaps for volume Q1:0 (G4Tubs) ... OK! 
Checking overlaps for volume Q1:0 (G4Tubs) ... OK! 
BLCMDgenericquad::Construct Q1 parent= relZ=250.0 globZ=250.0
Checking overlaps for volume Q2:0 (G4Tubs) ... OK! 
Checking overlaps for volume Q2:0 (G4Tubs) ... OK! 
BLCMDgenericquad::Construct Q2 parent= relZ=800.0 globZ=800.0
Checking overlaps for volume Q3:0 (G4Tubs) ... OK! 
Checking overlaps for volume Q3:0 (G4Tubs) ... OK! 
BLCMDgenericquad::Construct Q3 parent= relZ=1350.0 globZ=1350.0
Checking overlaps for volume Q4:0 (G4Tubs) ... OK! 
Checking overlaps for volume Q4:0 (G4Tubs) ... OK! 
BLCMDgenericquad::Construct Q4 parent= relZ=2150.0 globZ=2150.0
Checking overlaps for volume QF1H:0 (G4Tubs) ... OK! 
Checking overlaps for volume QF1H:0 (G4Tubs) ... OK! 
BLCMDgenericquad::Construct QF1H parent= relZ=2700.0 globZ=2700.0
Checking overlaps for volume QD1H:0 (G4Tubs) ... OK! 
Checking overlaps for volume QD1H:0 (G4Tubs) ... OK! 
BLCMDgenericquad::Construct QD1H parent= relZ=3250.0 globZ=3250.0
Checking overlaps for volume QF1H:0 (G4Tubs) ... OK! 
Checking overlaps for volume QF1H:0 (G4Tubs) ... OK! 
BLCMDgenericquad::Construct QF1H parent= relZ=3800.0 globZ=3800.0
Checking overlaps for volume QD1H:0 (G4Tubs) ... OK! 
Checking overlaps for volume QD1H:0 (G4Tubs) ... OK! 
BLCMDgenericquad::Construct QD1H parent= relZ=4350.0 globZ=4350.0
Checking overlaps for volume QF1H:0 (G4Tubs) ... OK! 
Checking overlaps for volume QF1H:0 (G4Tubs) ... OK! 
BLCMDgenericquad::Construct QF1H parent= relZ=4900.0 globZ=4900.0
Checking overlaps for volume QD1H:0 (G4Tubs) ... OK! 
Checking overlaps for volume QD1H:0 (G4Tubs) ... OK! 
BLCMDgenericquad::Construct QD1H parent= relZ=5450.0 globZ=5450.0
Checking overlaps for volume QF1H:0 (G4Tubs) ... OK! 
Checking overlaps for volume QF1H:0 (G4Tubs) ... OK! 
BLCMDgenericquad::Construct QF1H parent= relZ=6000.0 globZ=6000.0
Checking overlaps for volume QD1H:0 (G4Tubs) ... OK! 
Checking overlaps for volume QD1H:0 (G4Tubs) ... OK! 
BLCMDgenericquad::Construct QD1H parent= relZ=6550.0 globZ=6550.0
Checking overlaps for volume QF1H:0 (G4Tubs) ... OK! 
Checking overlaps for volume QF1H:0 (G4Tubs) ... OK! 
BLCMDgenericquad::Construct QF1H parent= relZ=7100.0 globZ=7100.0
Checking overlaps for volume QD1H:0 (G4Tubs) ... OK! 
Checking overlaps for volume QD1H:0 (G4Tubs) ... OK! 
BLCMDgenericquad::Construct QD1H parent= relZ=7650.0 globZ=7650.0
Checking overlaps for volume QF1H:0 (G4Tubs) ... OK! 
Checking overlaps for volume QF1H:0 (G4Tubs) ... OK! 
BLCMDgenericquad::Construct QF1H parent= relZ=8200.0 globZ=8200.0
Checking overlaps for volume QD1H:0 (G4Tubs) ... OK! 
Checking overlaps for volume QD1H:0 (G4Tubs) ... OK! 
BLCMDgenericquad::Construct QD1H parent= relZ=8750.0 globZ=8750.0
Checking overlaps for volume QF1H:0 (G4Tubs) ... OK! 
Checking overlaps for volume QF1H:0 (G4Tubs) ... OK! 
BLCMDgenericquad::Construct QF1H parent= relZ=9300.0 globZ=9300.0
Checking overlaps for volume QD1H:0 (G4Tubs) ... OK! 
Checking overlaps for volume QD1H:0 (G4Tubs) ... OK! 
BLCMDgenericquad::Construct QD1H parent= relZ=9850.0 globZ=9850.0
Checking overlaps for volume QF1H:0 (G4Tubs) ... OK! 
Checking overlaps for volume QF1H:0 (G4Tubs) ... OK! 
BLCMDgenericquad::Construct QF1H parent= relZ=10400.0 globZ=10400.0
Checking overlaps for volume QD1H:0 (G4Tubs) ... OK! 
Checking overlaps for volume QD1H:0 (G4Tubs) ... OK! 
BLCMDgenericquad::Construct QD1H parent= relZ=10950.0 globZ=10950.0
Checking overlaps for volume QF1H:0 (G4Tubs) ... OK! 
Checking overlaps for volume QF1H:0 (G4Tubs) ... OK! 
BLCMDgenericquad::Construct QF1H parent= relZ=11500.0 globZ=11500.0
Checking overlaps for volume QD1H:0 (G4Tubs) ... OK! 
Checking overlaps for volume QD1H:0 (G4Tubs) ... OK! 
BLCMDgenericquad::Construct QD1H parent= relZ=12050.0 globZ=12050.0
Checking overlaps for volume QF1H:0 (G4Tubs) ... OK! 
Checking overlaps for volume QF1H:0 (G4Tubs) ... OK! 
BLCMDgenericquad::Construct QF1H parent= relZ=12600.0 globZ=12600.0
Checking overlaps for volume QD1H:0 (G4Tubs) ... OK! 
Checking overlaps for volume QD1H:0 (G4Tubs) ... OK! 
BLCMDgenericquad::Construct QD1H parent= relZ=13150.0 globZ=13150.0
Checking overlaps for volume QF1H:0 (G4Tubs) ... OK! 
Checking overlaps for volume QF1H:0 (G4Tubs) ... OK! 
BLCMDgenericquad::Construct QF1H parent= relZ=13700.0 globZ=13700.0
Checking overlaps for volume Q5:0 (G4Tubs) ... OK! 
Checking overlaps for volume Q5:0 (G4Tubs) ... OK! 
BLCMDgenericquad::Construct Q5 parent= relZ=14250.0 globZ=14250.0
Checking overlaps for volume Q6:0 (G4Tubs) ... OK! 
Checking overlaps for volume Q6:0 (G4Tubs) ... OK! 
BLCMDgenericquad::Construct Q6 parent= relZ=15050.0 globZ=15050.0
Checking overlaps for volume Q7:0 (G4Tubs) ... OK! 
Checking overlaps for volume Q7:0 (G4Tubs) ... OK! 
BLCMDgenericquad::Construct Q7 parent= relZ=15600.0 globZ=15600.0
Checking overlaps for volume Q8:0 (G4Tubs) ... OK! 
Checking overlaps for volume Q8:0 (G4Tubs) ... OK! 
BLCMDgenericquad::Construct Q8 parent= relZ=16150.0 globZ=16150.0
Checking overlaps for volume particles_after_driftm:0 (G4Tubs) ... OK! 
BLCMDvirtualdetector::Construct particles_after_driftm parent= relZ=13800.1 globZ=13800.1
### Adding tracking cuts for neutron  TimeCut(ns)= 10000  KinEnergyCut(MeV)= 0

Geometry test nPoints=100 tolerance=0.002 mm:
Testing geometry for children of group 'World':
Total geometry errors = 0  0 seconds

================== Prepare Visualization ==================
Stochastic processes are enabled.
Available UI session types: [ Qt, tcsh, csh ]
QStandardPaths: wrong permissions on runtime directory /mnt/wslg/runtime-dir, 0777 instead of 0700
Visualization Manager instantiating with verbosity "warnings (3)"...
Visualization Manager initialising...
Registering graphics systems...

You have successfully registered the following graphics systems.
Registered graphics systems are:
  ASCIITree (ATree)
  DAWNFILE (DAWNFILE)
  G4HepRepFile (HepRepFile)
  RayTracer (RayTracer)
  VRML2FILE (VRML2FILE)
  gMocrenFile (gMocrenFile)
  OpenGLImmediateQt (OGLIQt, OGLI)
  OpenGLStoredQt (OGLSQt, OGL, OGLS)
  OpenGLImmediateX (OGLIX, OGLIQt_FALLBACK)
  OpenGLStoredX (OGLSX, OGLSQt_FALLBACK)
  RayTracerX (RayTracerX)

Registering model factories...

You have successfully registered the following model factories.
Registered model factories:
  generic
  drawByAttribute
  drawByCharge
  drawByOriginVolume
  drawByParticleID
  drawByEncounteredVolume

Registered models:
  None

Registered filter factories:
  attributeFilter
  chargeFilter
  originVolumeFilter
  particleFilter
  encounteredVolumeFilter

Registered filters:
  None

You have successfully registered the following user vis actions.
Run Duration User Vis Actions: none
End of Event User Vis Actions: none
End of Run User Vis Actions: none

Some /vis commands (optionally) take a string to specify colour.
"/vis/list" to see available colours.

Selected visualization viewer: Qt
BLVisManager init: /vis/open OGLSQt
BLVisManager init: /vis/viewer/set/auxiliaryEdge true
BLVisManager init: /vis/viewer/set/style surface
BLVisManager init: /vis/viewer/set/viewpointThetaPhi 0 0 deg
BLVisManager init: /vis/drawVolume
BLVisManager init: /tracking/storeTrajectory 1
BLVisManager init: /vis/scene/add/trajectories
/tracking/storeTrajectory 1
Attributes available for modeling and filtering with
  "/vis/modeling/trajectories/create/drawByAttribute" and
  "/vis/filtering/trajectories/create/attributeFilter" commands:
G4TrajectoriesModel:
  Event ID (EventID): G4int
  Run ID (RunID): G4int
G4Trajectory:
  Charge (Ch): unit: e+ (G4double)
  Track ID (ID): G4int
  Initial kinetic energy (IKE): G4BestUnit (G4double)
  Initial momentum magnitude (IMag): G4BestUnit (G4double)
  Initial momentum (IMom): G4BestUnit (G4ThreeVector)
  No. of points (NTP): G4int
  PDG Encoding (PDG): G4int
  Parent ID (PID): G4int
  Particle Name (PN): G4String
G4TrajectoryPoint:
  Position (Pos): G4BestUnit (G4ThreeVector)
WARNING: Trajectory storing has been requested.  This action may be
  reversed with "/tracking/storeTrajectory 0".
BLVisManager init: /vis/scene/endOfEventAction accumulate -1
WARNING: The vis manager will keep an unlimited number of events.
  This may use a lot of memory.
  It may be changed with, e.g., "/vis/scene/endOfEventAction accumulate 10".
BLVisManager init: /vis/viewer/set/hiddenMarker true

WARNING: No extent set for user vis action "DrawMarkers".
WARNING: User Vis Action "DrawMarkers" extent is null.
 Changing export format to "jpg"
**************************************************************************
*** G4Exception: EM Field Extends Outside World
***    severity: Warning
***   issued by: BLGlobalField
*** description: May give inaccurate tracking near world boundary.
***     EventID: 1     TrackID: 1   mu+  KE=37.82 MeV
**************************************************************************
fieldVoxels: nx=12 ny=12 nz=44, 6336 voxels, 29 fields
fieldVoxels: max field count is 6 fields, # voxels >5: 864, >10: 0, >20: 0
**************************************************************************
*** G4Exception: Check number of field voxels
***    severity: Warning
***   issued by: BLGlobalField
*** description: nVoxels = 6336, max fields/voxel = 6
***     EventID: 1     TrackID: 1   mu+  KE=37.82 MeV
**************************************************************************
SynRad:  Incoherent Synchrotron Radiation
Good description for long magnets at all energies.
100 events have been kept for refreshing and/or reviewing.
  "/vis/reviewKeptEvents" to review them one by one.
  "/vis/enable", then "/vis/viewer/flush" or "/vis/viewer/rebuild" to see them accumulated.

Graphics systems deleted.
Visualization Manager deleting...

Exceptions: 0 Fatal, 0 Events Aborted, 0 Stuck Tracks (stopped), 2 Warnings
      1 times: Check number of field voxels
      1 times: EM Field Extends Outside World
g4beamline: simulation complete
