G4BL_DIR=/home/incik/G4beamline-3.08
G4LEDATA=/home/incik/Geant4Data/G4EMLOW8.0
G4ENSDFSTATEDATA=/home/incik/Geant4Data/G4ENSDFSTATE2.3
G4PARTICLEXSDATA=/home/incik/Geant4Data/G4PARTICLEXS4.0
G4LEVELGAMMADATA=/home/incik/Geant4Data/PhotonEvaporation5.7
G4RADIOACTIVEDATA=/home/incik/Geant4Data/RadioactiveDecay5.6
G4beamline Process ID 16184

*************************************************************
 g4beamline version: 3.08                        (Aug 11 2022)
                      Copyright : Tom Roberts, Muons, Inc.
                        License : Gnu Public License
                            WWW : http://g4beamline.muonsinc.com

          ################################
          !!! G4Backtrace is activated !!!
          ################################


**************************************************************
 Geant4 version Name: geant4-11-00-patch-02 [MT]   (25-May-2022)
                       Copyright : Geant4 Collaboration
                      References : NIM A 506 (2003), 250-303
                                 : IEEE-TNS 53 (2006), 270-278
                                 : NIM A 835 (2016), 186-225
                             WWW : http://geant4.org/
**************************************************************

param        viewer        best,1
geometry                   nPoints=100 printGeometry=0 visual=0
                           tolerance=0.002
param        zbegin        0.0
start                      x=0 y=0 z=0 initialZ=0 rotation= radiusCut=300
                           ring=0
param        steppingFormat N,GLOBAL,CL,STEP,VOL,PROCESS,P,KE,POLAR,B
param        fieldVoxels   400,400,400
param        maxStep       0.5
G4PhysListFactory::GetReferencePhysList <QGSP_BERT>  EMoption= 0
<<< Geant4 Physics List simulation engine: QGSP_BERT


physics      QGSP_BERT     disable= inactivate= deactivate= doStochastics=1
                           fluct=1 minRangeCut=1 list=0 gammaToMuPair=0
                           spinTracking=1 synchrotronRadiation=1
                           synchrotronRadiationMuon=0 maxTime=1e+06
trackcuts                  kill= keep=mu-,mu+ killSecondaries=0
                           kineticEnergyCut=0 kineticEnergyMax=1.798e+308
                           maxTime=1e+06 keepPrimaries=0 steppingVerbose=0
particlecolor              proton=1,1,1
particlecolor              pi+=0,1,0
particlecolor              mu+=1,0.5,0
particlecolor              e+=1,0,0
particlecolor              gamma=0,0,1
particlecolor              e-=1,0.5,0
param        nparticles    5000
param        beamfile      particles_after.txt
param        beamZ         0
beam    ASCII   nEvents=5000 firstEvent=-1 lastEvent=2147483647 beamZ=0.0 maxR=1000000.0 renumber=0 weight=1.000000 
		filename=particles_after.txt format=BLTrackFile 
		
zntuple                    z=0.0 zloop= noSingles=0 format=ascii
                           file=vd_start_achromat.txt
                           filename=vd_start_achromat.txt require=PDGid==-13
                           referenceParticle=0 coordinates=Centerline
genericbend  B1            fieldWidth=74.74 fieldHeight=61.92
                           fieldLength=267.7 ironWidth=84.74 ironHeight=71.92
                           ironLength=267.7 By=-0.133 maxStep=0.5
                           fieldMaterial=Vacuum fieldColor=0,0,1
                           ironMaterial=Fe ironColor=0.6,0.6,0.6 kill=0
                           fringe= fringeFactor=1 openAperture=0
place   B1      copies=1 x=0.0 y=0.0 z=177.8 
zntuple                    z=311.61120000000005 zloop= noSingles=0
                           format=ascii file=vd_B1_achromat.txt
                           filename=vd_B1_achromat.txt require=PDGid==-13
                           referenceParticle=0 coordinates=Centerline
box          Drift1        height=80.11 width=120.1 length=463.8 maxStep=0.5
                           material=Vacuum color=0.6,0.6,0.6 kill=0
place   Drift1  copies=1 x=0.0 y=0.0 z=543.6 
zntuple                    z=775.5217000000001 zloop= noSingles=0 format=ascii
                           file=vd_D1_achromat.txt filename=vd_D1_achromat.txt
                           require=PDGid==-13 referenceParticle=0
                           coordinates=Centerline
genericquad  Q1            fieldLength=73.12 ironLength=73.12 ironRadius=30.44
                           apertureRadius=20.44 poleTipRadius=0 coilRadius=0
                           coilHalfwidth=0 coilHalfWidth=0 gradient=-43.45
                           maxStep=0.5 ironMaterial=Fe fieldMaterial=Vacuum
                           ironColor=0.4,0.8,0.4 kill=0 fringe= fringeFactor=1
                           openAperture=0
place   Q1      copies=1 x=0.0 y=0.0 z=812.2 
zntuple                    z=848.7451000000001 zloop= noSingles=0 format=ascii
                           file=vd_Q1_achromat.txt filename=vd_Q1_achromat.txt
                           require=PDGid==-13 referenceParticle=0
                           coordinates=Centerline
box          Drift2        height=129.1 width=102 length=316.7 maxStep=0.5
                           material=Vacuum color=0.6,0.6,0.6 kill=0
place   Drift2  copies=1 x=0.0 y=0.0 z=1007.2 
zntuple                    z=1165.5907000000002 zloop= noSingles=0
                           format=ascii file=vd_D2_achromat.txt
                           filename=vd_D2_achromat.txt require=PDGid==-13
                           referenceParticle=0 coordinates=Centerline
genericbend  B2            fieldWidth=167.6 fieldHeight=144.8
                           fieldLength=53.63 ironWidth=177.6 ironHeight=154.8
                           ironLength=53.63 By=-0.0126 maxStep=0.5
                           fieldMaterial=Vacuum fieldColor=0,0,1
                           ironMaterial=Fe ironColor=0.6,0.6,0.6 kill=0
                           fringe= fringeFactor=1 openAperture=0
place   B2      copies=1 x=0.0 y=0.0 z=1192.5 
zntuple                    z=1219.3235 zloop= noSingles=0 format=ascii
                           file=vd_B2_achromat.txt filename=vd_B2_achromat.txt
                           require=PDGid==-13 referenceParticle=0
                           coordinates=Centerline
zntuple                    z=1229.4234999999999 zloop= noSingles=0
                           format=ascii file=vd_achromatLoop.txt
                           filename=vd_achromatLoop.txt require=PDGid==-13
                           referenceParticle=0 coordinates=Centerline

World size (before incrementing by 201.357 mm): 154.8 H  177.6 W  2438.6 L

PARAMETERS:
            Zcl=1219.32
          beamZ=0
       beamfile=particles_after.txt
     deltaChord=3.0
deltaIntersection=0.1
   deltaOneStep=0.01
         epsMax=0.05
         epsMin=2.5e-7
 eventTimeLimit=30
    fieldVoxels=400,400,400
      histoFile=g4beamline
    histoUpdate=0
        maxStep=0.5
        minStep=0.01
     nparticles=5000
 steppingFormat=N,GLOBAL,CL,STEP,VOL,PROCESS,P,KE,POLAR,B
steppingVerbose=0
         viewer=best,1
 wallClockLimit=-1
  worldMaterial=Vacuum
     zTolerance=2.0
         zbegin=0.0
Checking overlaps for volume B1:0 (G4Box) ... OK! 
Checking overlaps for volume B1:0 (G4SubtractionSolid) ... OK! 
BLCMDgenericbend::Construct B1 parent= relZ=177.8 globZ=177.8
	zmin=43.9 zmax=311.6
Checking overlaps for volume Drift1:0 (G4Box) ... OK! 
BLCMDbox::Construct Drift1 parent= relZ=543.6 globZ=543.6
	zmin=311.7 zmax=775.5
Checking overlaps for volume Q1:0 (G4Tubs) ... OK! 
Checking overlaps for volume Q1:0 (G4Tubs) ... OK! 
BLCMDgenericquad::Construct Q1 parent= relZ=812.2 globZ=812.2
Checking overlaps for volume Drift2:0 (G4Box) ... OK! 
BLCMDbox::Construct Drift2 parent= relZ=1007.2 globZ=1007.2
	zmin=848.8 zmax=1165.6
Checking overlaps for volume B2:0 (G4Box) ... OK! 
Checking overlaps for volume B2:0 (G4SubtractionSolid) ... OK! 
BLCMDgenericbend::Construct B2 parent= relZ=1192.5 globZ=1192.5
	zmin=1165.7 zmax=1219.3
### Adding tracking cuts for neutron  TimeCut(ns)= 10000  KinEnergyCut(MeV)= 0

Geometry test nPoints=100 tolerance=0.002 mm:
Testing geometry for children of group 'World':
Total geometry errors = 0  0 seconds

**************************************************************************
*** G4Exception: EM Field Extends Outside World
***    severity: Warning
***   issued by: BLGlobalField
*** description: May give inaccurate tracking near world boundary.
**************************************************************************
fieldVoxels: nx=1 ny=1 nz=4, 4 voxels, 3 fields
fieldVoxels: max field count is 2 fields, # voxels >5: 0, >10: 0, >20: 0
================== Prepare Visualization ==================
Stochastic processes are enabled.
Available UI session types: [ Qt, tcsh, csh ]
QStandardPaths: wrong permissions on runtime directory /mnt/wslg/runtime-dir, 0777 instead of 0700
Visualization Manager instantiating with verbosity "warnings (3)"...
Visualization Manager initialising...
Registering graphics systems...

You have successfully registered the following graphics systems.
Registered graphics systems are:
  ASCIITree (ATree)
  DAWNFILE (DAWNFILE)
  G4HepRepFile (HepRepFile)
  RayTracer (RayTracer)
  VRML2FILE (VRML2FILE)
  gMocrenFile (gMocrenFile)
  OpenGLImmediateQt (OGLIQt, OGLI)
  OpenGLStoredQt (OGLSQt, OGL, OGLS)
  OpenGLImmediateX (OGLIX, OGLIQt_FALLBACK)
  OpenGLStoredX (OGLSX, OGLSQt_FALLBACK)
  RayTracerX (RayTracerX)

Registering model factories...

You have successfully registered the following model factories.
Registered model factories:
  generic
  drawByAttribute
  drawByCharge
  drawByOriginVolume
  drawByParticleID
  drawByEncounteredVolume

Registered models:
  None

Registered filter factories:
  attributeFilter
  chargeFilter
  originVolumeFilter
  particleFilter
  encounteredVolumeFilter

Registered filters:
  None

You have successfully registered the following user vis actions.
Run Duration User Vis Actions: none
End of Event User Vis Actions: none
End of Run User Vis Actions: none

Some /vis commands (optionally) take a string to specify colour.
"/vis/list" to see available colours.

Selected visualization viewer: Qt
BLVisManager init: /vis/open OGLSQt
BLVisManager init: /vis/viewer/set/auxiliaryEdge true
BLVisManager init: /vis/viewer/set/style surface
BLVisManager init: /vis/viewer/set/viewpointThetaPhi 0 0 deg
BLVisManager init: /vis/drawVolume
BLVisManager init: /tracking/storeTrajectory 1
BLVisManager init: /vis/scene/add/trajectories
/tracking/storeTrajectory 1
Attributes available for modeling and filtering with
  "/vis/modeling/trajectories/create/drawByAttribute" and
  "/vis/filtering/trajectories/create/attributeFilter" commands:
G4TrajectoriesModel:
  Event ID (EventID): G4int
  Run ID (RunID): G4int
G4Trajectory:
  Charge (Ch): unit: e+ (G4double)
  Track ID (ID): G4int
  Initial kinetic energy (IKE): G4BestUnit (G4double)
  Initial momentum magnitude (IMag): G4BestUnit (G4double)
  Initial momentum (IMom): G4BestUnit (G4ThreeVector)
  No. of points (NTP): G4int
  PDG Encoding (PDG): G4int
  Parent ID (PID): G4int
  Particle Name (PN): G4String
G4TrajectoryPoint:
  Position (Pos): G4BestUnit (G4ThreeVector)
WARNING: Trajectory storing has been requested.  This action may be
  reversed with "/tracking/storeTrajectory 0".
BLVisManager init: /vis/scene/endOfEventAction accumulate -1
WARNING: The vis manager will keep an unlimited number of events.
  This may use a lot of memory.
  It may be changed with, e.g., "/vis/scene/endOfEventAction accumulate 10".
BLVisManager init: /vis/viewer/set/hiddenMarker true

WARNING: No extent set for user vis action "DrawMarkers".
WARNING: User Vis Action "DrawMarkers" extent is null.
 Changing export format to "jpg"

Graphics systems deleted.
Visualization Manager deleting...

Exceptions: 0 Fatal, 0 Events Aborted, 0 Stuck Tracks (stopped), 1 Warnings
      1 times: EM Field Extends Outside World
g4beamline: simulation complete
