G4BL_DIR=/home/incik/G4beamline-3.08
G4LEDATA=/home/incik/Geant4Data/G4EMLOW8.0
G4ENSDFSTATEDATA=/home/incik/Geant4Data/G4ENSDFSTATE2.3
G4PARTICLEXSDATA=/home/incik/Geant4Data/G4PARTICLEXS4.0
G4LEVELGAMMADATA=/home/incik/Geant4Data/PhotonEvaporation5.7
G4RADIOACTIVEDATA=/home/incik/Geant4Data/RadioactiveDecay5.6
G4beamline Process ID 22345

*************************************************************
 g4beamline version: 3.08                        (Aug 11 2022)
                      Copyright : Tom Roberts, Muons, Inc.
                        License : Gnu Public License
                            WWW : http://g4beamline.muonsinc.com

          ################################
          !!! G4Backtrace is activated !!!
          ################################


**************************************************************
 Geant4 version Name: geant4-11-00-patch-02 [MT]   (25-May-2022)
                       Copyright : Geant4 Collaboration
                      References : NIM A 506 (2003), 250-303
                                 : IEEE-TNS 53 (2006), 270-278
                                 : NIM A 835 (2016), 186-225
                             WWW : http://geant4.org/
**************************************************************

param        viewer        best,1
geometry                   nPoints=100 printGeometry=0 visual=0
                           tolerance=0.002
param        zbegin        0.0
start                      x=0 y=0 z=0 initialZ=0 rotation= radiusCut=300
                           ring=0
param        steppingFormat N,GLOBAL,CL,STEP,VOL,PROCESS,P,KE,POLAR,B
param        fieldVoxels   400,400,400
param        maxStep       0.5
param        minRangeCut   1
G4PhysListFactory::GetReferencePhysList <QGSP_BERT>  EMoption= 0
<<< Geant4 Physics List simulation engine: QGSP_BERT


physics      QGSP_BERT     disable= inactivate= deactivate= doStochastics=1
                           fluct=1 minRangeCut=1 list=0 gammaToMuPair=0
                           spinTracking=1 synchrotronRadiation=1
                           synchrotronRadiationMuon=0 maxTime=1e+06
trackcuts                  kill= keep=mu+ killSecondaries=0 kineticEnergyCut=0
                           kineticEnergyMax=1.798e+308 maxTime=1e+06
                           keepPrimaries=0 steppingVerbose=0
particlecolor              proton=1,1,1
particlecolor              pi+=0,1,0
particlecolor              mu+=1,0.5,0
particlecolor              mu-=0,1,0
particlecolor              e+=1,0,0
particlecolor              gamma=0,0,1
particlecolor              e-=1,0.5,0
param        nparticles    5000
param        beamfile      particles_before_new.txt
beam    ASCII   nEvents=5000 firstEvent=-1 lastEvent=2147483647 beamZ=0.0 maxR=1000000.0 renumber=0 weight=1.000000 
		filename=particles_before_new.txt format=BLTrackFile 
		
material Diamond1 Mixture: 1.00*C
                density=3.510 temperature=273 pressure=1.0
param        pi            3.141592654
param        degrad        0.017453293
param        abshgt        3.11483108026904
param        abswidth      100
param        absLEN3       6.547448752123179
param        abshalfangle3 47.35747644447838
param        absoffset3    3.2737243760615895
param        wedge_z       3.2737244
extrusion    LHextrDS3     length=100 vertices=0,0;
                           -6.547448752123179/2,6.547448752123179/2/tan(47.35747644447838*0.017453293);
                           -6.547448752123179/2,3.11483108026904;
                           0,3.11483108026904 scale1=1 scale2=1 maxStep=0.1
                           material=Diamond1 color=1,0,1 kill=0 vertexes=0,0;
                           -6.547448752123179/2,6.547448752123179/2/tan(47.35747644447838*0.017453293);
                           -6.547448752123179/2,3.11483108026904;
                           0,3.11483108026904
extrusion    LHextrUS3     length=100 vertices=0,0; 0,3.11483108026904;
                           6.547448752123179/2,3.11483108026904;
                           6.547448752123179/2,6.547448752123179/2/tan(47.35747644447838*0.017453293)
                           scale1=1 scale2=1 maxStep=0.1 material=Diamond1
                           color=1,0,1 kill=0 vertexes=0,0;
                           0,3.11483108026904;
                           6.547448752123179/2,3.11483108026904;
                           6.547448752123179/2,6.547448752123179/2/tan(47.35747644447838*0.017453293)
param        VDRad         60.0
virtualdetector VD         radius=60 innerRadius=0 height=120 width=120
                           length=0.2 maxStep=0.5 material= color=1,1,1
                           noSingles=0 format=asciiextended filename= file=
                           require= referenceParticle=0 coordinates=centerline
                           kill=0
param        wedgeAxis     0
param        noWedge       0
place   LHextrDS3 copies=1 x=3.3 y=0.0 z=3.3 rotation='Z90,Y00,X90'
place   LHextrUS3 copies=1 x=3.3 y=0.0 z=3.3 rotation='Z90,Y00,X90'
zntuple                    z=0.0 zloop= noSingles=0 format=ascii
                           file=vd_start_dispsup.txt
                           filename=vd_start_dispsup.txt require=PDGid==-13
                           referenceParticle=0 coordinates=Centerline
zntuple                    z=52.59333921123373 zloop= noSingles=0 format=ascii
                           file=vd_wedge_end_achromat.txt
                           filename=vd_wedge_end_achromat.txt
                           require=PDGid==-13 referenceParticle=0
                           coordinates=Centerline
genericquad  Q1            fieldLength=200 ironLength=200 ironRadius=110
                           apertureRadius=100 poleTipRadius=0 coilRadius=0
                           coilHalfwidth=0 coilHalfWidth=0 gradient=-3
                           maxStep=0.5 ironMaterial=Fe fieldMaterial=Vacuum
                           ironColor=0.4,0.8,0.4 kill=0 fringe= fringeFactor=1
                           openAperture=0
place   Q1      copies=1 x=0.0 y=0.0 z=252.6 
zntuple                    z=352.59333921123374 zloop= noSingles=0
                           format=ascii file=vd_Q1_dispsup.txt
                           filename=vd_Q1_dispsup.txt require=PDGid==-13
                           referenceParticle=0 coordinates=Centerline
box          Drift1        height=100 width=100 length=100 maxStep=0.5
                           material=Vacuum color=0.6,0.6,0.6 kill=0
place   Drift1  copies=1 x=0.0 y=0.0 z=402.6 
zntuple                    z=452.5934392112337 zloop= noSingles=0 format=ascii
                           file=vd_D1_dispsup.txt filename=vd_D1_dispsup.txt
                           require=PDGid==-13 referenceParticle=0
                           coordinates=Centerline
genericquad  Q2            fieldLength=200 ironLength=200 ironRadius=110
                           apertureRadius=100 poleTipRadius=0 coilRadius=0
                           coilHalfwidth=0 coilHalfWidth=0 gradient=-6
                           maxStep=0.5 ironMaterial=Fe fieldMaterial=Vacuum
                           ironColor=0.4,0.8,0.4 kill=1 fringe=0
                           fringeFactor=1 openAperture=0
place   Q2      copies=1 x=0.0 y=0.0 z=552.6 
zntuple                    z=652.5935392112337 zloop= noSingles=0 format=ascii
                           file=vd_Q2_dispsup.txt filename=vd_Q2_dispsup.txt
                           require=PDGid==-13 referenceParticle=0
                           coordinates=Centerline
box          Drift2        height=100 width=100 length=100 maxStep=0.5
                           material=Vacuum color=0.6,0.6,0.6 kill=0
place   Drift2  copies=1 x=0.0 y=0.0 z=702.6 
zntuple                    z=752.5936392112337 zloop= noSingles=0 format=ascii
                           file=vd_D2_dispsup.txt filename=vd_D2_dispsup.txt
                           require=PDGid==-13 referenceParticle=0
                           coordinates=Centerline
genericbend  B1            fieldWidth=100 fieldHeight=100 fieldLength=282
                           ironWidth=110 ironHeight=110 ironLength=282 By=0.3
                           maxStep=0.5 fieldMaterial=Vacuum fieldColor=0,0,1
                           ironMaterial=Fe ironColor=0.6,0.6,0.6 kill=1
                           fringe=0 fringeFactor=1 openAperture=0
place   B1      copies=1 x=0.0 y=0.0 z=893.6 
zntuple                    z=1034.5937392112337 zloop= noSingles=0
                           format=ascii file=vd_B1_dispsup.txt
                           filename=vd_B1_dispsup.txt require=PDGid==-13
                           referenceParticle=0 coordinates=Centerline
zntuple                    z=944.5938392112337 zloop= noSingles=0 format=ascii
                           file=vd_dispsup.txt filename=vd_dispsup.txt
                           require=PDGid==-13 referenceParticle=0
                           coordinates=Centerline

World size (before incrementing by 201.357 mm): 220.0 H  220.0 W  2069.2 L

PARAMETERS:
          VDRad=60.0
            Zcl=1034.59
        absLEN3=6.547448752123179
  abshalfangle3=47.35747644447838
         abshgt=3.11483108026904
     absoffset3=3.2737243760615895
       abswidth=100
       beamfile=particles_before_new.txt
         degrad=0.017453293
     deltaChord=3.0
deltaIntersection=0.1
   deltaOneStep=0.01
         epsMax=0.05
         epsMin=2.5e-7
 eventTimeLimit=30
    fieldVoxels=400,400,400
      histoFile=g4beamline
    histoUpdate=0
        maxStep=0.5
    minRangeCut=1
        minStep=0.01
        noWedge=0
     nparticles=5000
             pi=3.141592654
 steppingFormat=N,GLOBAL,CL,STEP,VOL,PROCESS,P,KE,POLAR,B
steppingVerbose=0
         viewer=best,1
 wallClockLimit=-1
      wedgeAxis=0
        wedge_z=3.2737244
  worldMaterial=Vacuum
     zTolerance=2.0
         zbegin=0.0
Checking overlaps for volume LHextrDS3:0 (G4ExtrudedSolid) ... OK! 
BLCMDextrusion::Construct LHextrDS3 parent= relZ=3.3 globZ=3.3
	zmin=-46.7 zmax=53.3 kill=0
Checking overlaps for volume LHextrUS3:0 (G4ExtrudedSolid) ... OK! 
BLCMDextrusion::Construct LHextrUS3 parent= relZ=3.3 globZ=3.3
	zmin=-46.7 zmax=53.3 kill=0
Checking overlaps for volume Q1:0 (G4Tubs) ... OK! 
Checking overlaps for volume Q1:0 (G4Tubs) ... OK! 
BLCMDgenericquad::Construct Q1 parent= relZ=252.6 globZ=252.6
Checking overlaps for volume Drift1:0 (G4Box) ... OK! 
BLCMDbox::Construct Drift1 parent= relZ=402.6 globZ=402.6
	zmin=352.6 zmax=452.6
Checking overlaps for volume Q2:0 (G4Tubs) ... OK! 
Checking overlaps for volume Q2:0 (G4Tubs) ... OK! 
BLCMDgenericquad::Construct Q2 parent= relZ=552.6 globZ=552.6
Checking overlaps for volume Drift2:0 (G4Box) ... OK! 
BLCMDbox::Construct Drift2 parent= relZ=702.6 globZ=702.6
	zmin=652.6 zmax=752.6
**************************************************************************
*** G4Exception: GeomVol1002
***    severity: Warning
***   issued by: G4PVPlacement::CheckOverlaps()
*** description: Overlap with volume already placed !
          Overlap is detected for volume B1:0 (G4Box) with Drift2:0 (G4Box)
          overlap at local point (-43.7558,13.5966,49.9001) by 99.9 um  (max of 81 cases)
NOTE: Reached maximum fixed number -1- of overlaps reports for this volume !
**************************************************************************
Checking overlaps for volume B1:0 (G4Box) ... Checking overlaps for volume B1:0 (G4SubtractionSolid) ... OK! 
BLCMDgenericbend::Construct B1 parent= relZ=893.6 globZ=893.6
	zmin=752.6 zmax=1034.6
### Adding tracking cuts for neutron  TimeCut(ns)= 10000  KinEnergyCut(MeV)= 0

Geometry test nPoints=100 tolerance=0.002 mm:
Testing geometry for children of group 'World':
Total geometry errors = 0  0 seconds

================== Prepare Visualization ==================
Stochastic processes are enabled.
Available UI session types: [ Qt, tcsh, csh ]
QStandardPaths: wrong permissions on runtime directory /mnt/wslg/runtime-dir, 0777 instead of 0700
Visualization Manager instantiating with verbosity "warnings (3)"...
Visualization Manager initialising...
Registering graphics systems...

You have successfully registered the following graphics systems.
Registered graphics systems are:
  ASCIITree (ATree)
  DAWNFILE (DAWNFILE)
  G4HepRepFile (HepRepFile)
  RayTracer (RayTracer)
  VRML2FILE (VRML2FILE)
  gMocrenFile (gMocrenFile)
  OpenGLImmediateQt (OGLIQt, OGLI)
  OpenGLStoredQt (OGLSQt, OGL, OGLS)
  OpenGLImmediateX (OGLIX, OGLIQt_FALLBACK)
  OpenGLStoredX (OGLSX, OGLSQt_FALLBACK)
  RayTracerX (RayTracerX)

Registering model factories...

You have successfully registered the following model factories.
Registered model factories:
  generic
  drawByAttribute
  drawByCharge
  drawByOriginVolume
  drawByParticleID
  drawByEncounteredVolume

Registered models:
  None

Registered filter factories:
  attributeFilter
  chargeFilter
  originVolumeFilter
  particleFilter
  encounteredVolumeFilter

Registered filters:
  None

You have successfully registered the following user vis actions.
Run Duration User Vis Actions: none
End of Event User Vis Actions: none
End of Run User Vis Actions: none

Some /vis commands (optionally) take a string to specify colour.
"/vis/list" to see available colours.

Selected visualization viewer: Qt
BLVisManager init: /vis/open OGLSQt
BLVisManager init: /vis/viewer/set/auxiliaryEdge true
BLVisManager init: /vis/viewer/set/style surface
BLVisManager init: /vis/viewer/set/viewpointThetaPhi 0 0 deg
BLVisManager init: /vis/drawVolume
BLVisManager init: /tracking/storeTrajectory 1
BLVisManager init: /vis/scene/add/trajectories
/tracking/storeTrajectory 1
Attributes available for modeling and filtering with
  "/vis/modeling/trajectories/create/drawByAttribute" and
  "/vis/filtering/trajectories/create/attributeFilter" commands:
G4TrajectoriesModel:
  Event ID (EventID): G4int
  Run ID (RunID): G4int
G4Trajectory:
  Charge (Ch): unit: e+ (G4double)
  Track ID (ID): G4int
  Initial kinetic energy (IKE): G4BestUnit (G4double)
  Initial momentum magnitude (IMag): G4BestUnit (G4double)
  Initial momentum (IMom): G4BestUnit (G4ThreeVector)
  No. of points (NTP): G4int
  PDG Encoding (PDG): G4int
  Parent ID (PID): G4int
  Particle Name (PN): G4String
G4TrajectoryPoint:
  Position (Pos): G4BestUnit (G4ThreeVector)
WARNING: Trajectory storing has been requested.  This action may be
  reversed with "/tracking/storeTrajectory 0".
BLVisManager init: /vis/scene/endOfEventAction accumulate -1
WARNING: The vis manager will keep an unlimited number of events.
  This may use a lot of memory.
  It may be changed with, e.g., "/vis/scene/endOfEventAction accumulate 10".
BLVisManager init: /vis/viewer/set/hiddenMarker true

WARNING: No extent set for user vis action "DrawMarkers".
WARNING: User Vis Action "DrawMarkers" extent is null.
 Changing export format to "jpg"
fieldVoxels: nx=1 ny=1 nz=4, 4 voxels, 3 fields
fieldVoxels: max field count is 2 fields, # voxels >5: 0, >10: 0, >20: 0
SynRad:  Incoherent Synchrotron Radiation
Good description for long magnets at all energies.
100 events have been kept for refreshing and/or reviewing.
  "/vis/reviewKeptEvents" to review them one by one.
  "/vis/enable", then "/vis/viewer/flush" or "/vis/viewer/rebuild" to see them accumulated.

Graphics systems deleted.
Visualization Manager deleting...

Exceptions: 0 Fatal, 0 Events Aborted, 0 Stuck Tracks (stopped), 1 Warnings
      1 times: GeomVol1002
g4beamline: simulation complete
