G4BL_DIR=/home/incik/G4beamline-3.08
G4LEDATA=/home/incik/Geant4Data/G4EMLOW8.0
G4ENSDFSTATEDATA=/home/incik/Geant4Data/G4ENSDFSTATE2.3
G4PARTICLEXSDATA=/home/incik/Geant4Data/G4PARTICLEXS4.0
G4LEVELGAMMADATA=/home/incik/Geant4Data/PhotonEvaporation5.7
G4RADIOACTIVEDATA=/home/incik/Geant4Data/RadioactiveDecay5.6
G4beamline Process ID 13564

*************************************************************
 g4beamline version: 3.08                        (Aug 11 2022)
                      Copyright : Tom Roberts, Muons, Inc.
                        License : Gnu Public License
                            WWW : http://g4beamline.muonsinc.com

          ################################
          !!! G4Backtrace is activated !!!
          ################################


**************************************************************
 Geant4 version Name: geant4-11-00-patch-02 [MT]   (25-May-2022)
                       Copyright : Geant4 Collaboration
                      References : NIM A 506 (2003), 250-303
                                 : IEEE-TNS 53 (2006), 270-278
                                 : NIM A 835 (2016), 186-225
                             WWW : http://geant4.org/
**************************************************************

param        viewer        best,1
geometry                   nPoints=100 printGeometry=0 visual=0
                           tolerance=0.002
param        zbegin        0.0
start                      x=0 y=0 z=0 initialZ=0 rotation= radiusCut=300
                           ring=0
param        steppingFormat N,GLOBAL,CL,STEP,VOL,PROCESS,P,KE,POLAR,B
param        fieldVoxels   400,400,400
param        maxStep       0.5
param        minRangeCut   1
G4PhysListFactory::GetReferencePhysList <QGSP_BERT>  EMoption= 0
<<< Geant4 Physics List simulation engine: QGSP_BERT


physics      QGSP_BERT     disable= inactivate= deactivate= doStochastics=1
                           fluct=1 minRangeCut=1 list=0 gammaToMuPair=0
                           spinTracking=1 synchrotronRadiation=1
                           synchrotronRadiationMuon=0 maxTime=1e+06
trackcuts                  kill= keep=mu+ killSecondaries=0 kineticEnergyCut=0
                           kineticEnergyMax=1.798e+308 maxTime=1e+06
                           keepPrimaries=0 steppingVerbose=0
particlecolor              proton=1,1,1
particlecolor              pi+=0,1,0
particlecolor              mu+=1,0.5,0
particlecolor              mu-=0,1,0
particlecolor              e+=1,0,0
particlecolor              gamma=0,0,1
particlecolor              e-=1,0.5,0
param        nparticles    {N_PARTICLES}
param        beamfile      particles_before_new.txt
**************************************************************************
*** G4Exception: printError
***    severity: Warning
***   issued by: 
*** description: Invalid value '{N_PARTICLES}' for argument 'nEvents' to command 'beam'
**************************************************************************
beam    ASCII   nEvents=0 firstEvent=-1 lastEvent=2147483647 beamZ=0.0 maxR=1000000.0 renumber=0 weight=1.000000 
		filename=particles_before_new.txt format=BLTrackFile 
		
material Diamond1 Mixture: 1.00*C
                density=3.510 temperature=273 pressure=1.0
param        pi            3.141592654
param        degrad        0.017453293
param        abshgt        9.509857116805007
param        abswidth      100
param        absLEN3       24
param        abshalfangle3 51.898062710886734
param        absoffset3    2.463498548957793
param        wedge_z       12
extrusion    LHextrDS3     length=100 vertices=0,0;
                           -24/2,24/2/tan(51.898062710886734*0.017453293);
                           -24/2,9.509857116805007; 0,9.509857116805007
                           scale1=1 scale2=1 maxStep=0.1 material=Diamond1
                           color=1,0,1 kill=0 vertexes=0,0;
                           -24/2,24/2/tan(51.898062710886734*0.017453293);
                           -24/2,9.509857116805007; 0,9.509857116805007
extrusion    LHextrUS3     length=100 vertices=0,0; 0,9.509857116805007;
                           24/2,9.509857116805007;
                           24/2,24/2/tan(51.898062710886734*0.017453293)
                           scale1=1 scale2=1 maxStep=0.1 material=Diamond1
                           color=1,0,1 kill=0 vertexes=0,0;
                           0,9.509857116805007; 24/2,9.509857116805007;
                           24/2,24/2/tan(51.898062710886734*0.017453293)
param        VDRad         60.0
virtualdetector VD         radius=60 innerRadius=0 height=120 width=120
                           length=0.2 maxStep=0.5 material= color=1,1,1
                           noSingles=0 format=asciiextended filename= file=
                           require= referenceParticle=0 coordinates=centerline
                           kill=0
param        wedgeAxis     0
param        noWedge       0
place   LHextrDS3 copies=1 x=2.5 y=0.0 z=12.0 rotation='Z90,Y00,X90'
place   LHextrUS3 copies=1 x=2.5 y=0.0 z=12.0 rotation='Z90,Y00,X90'
zntuple                    z=0.0 zloop= noSingles=0 format=ascii
                           file=vd_start_dispsup.txt
                           filename=vd_start_dispsup.txt require=PDGid==-13
                           referenceParticle=0 coordinates=Centerline
zntuple                    z={wedge_end} zloop= noSingles=0 format=ascii
                           file=vd_wedge_end_achromat.txt
                           filename=vd_wedge_end_achromat.txt
                           require=PDGid==-13 referenceParticle=0
                           coordinates=Centerline
**************************************************************************
*** G4Exception: printError
***    severity: Warning
***   issued by: 
*** description: Invalid value '{radius_q}' for argument 'apertureRadius' to command 'genericquad'
**************************************************************************
**************************************************************************
*** G4Exception: printError
***    severity: Warning
***   issued by: 
*** description: Invalid value '{Q1_length}' for argument 'fieldLength' to command 'genericquad'
**************************************************************************
**************************************************************************
*** G4Exception: printError
***    severity: Warning
***   issued by: 
*** description: Invalid value '{Q1_gradient}' for argument 'gradient' to command 'genericquad'
**************************************************************************
**************************************************************************
*** G4Exception: printError
***    severity: Warning
***   issued by: 
*** description: Invalid value '{Q1_length}' for argument 'ironLength' to command 'genericquad'
**************************************************************************
**************************************************************************
*** G4Exception: printError
***    severity: Warning
***   issued by: 
*** description: Invalid value '{radius_q}+{thickness}' for argument 'ironRadius' to command 'genericquad'
**************************************************************************
genericquad  Q1            fieldLength=0 ironLength=0 ironRadius=0
                           apertureRadius=0 poleTipRadius=0 coilRadius=0
                           coilHalfwidth=0 coilHalfWidth=0 gradient=0
                           maxStep=0.5 ironMaterial=Fe fieldMaterial=Vacuum
                           ironColor=0.4,0.8,0.4 kill=0 fringe= fringeFactor=1
                           openAperture=0
**************************************************************************
*** G4Exception: printError
***    severity: Warning
***   issued by: 
*** description: Invalid value '{Q1_z}' for argument 'z' to command 'place'
**************************************************************************
**************************************************************************
*** G4Exception: printError
***    severity: Warning
***   issued by: 
*** description: place: element length is <= 0 -- cannot be placed sequentially
**************************************************************************
place   Q1      copies=1 sequentially along z; 
zntuple                    z={Q1_end} zloop= noSingles=0 format=ascii
                           file=vd_Q1_dispsup.txt filename=vd_Q1_dispsup.txt
                           require=PDGid==-13 referenceParticle=0
                           coordinates=Centerline
**************************************************************************
*** G4Exception: printError
***    severity: Warning
***   issued by: 
*** description: Invalid value '{Drift1_height}' for argument 'height' to command 'box'
**************************************************************************
**************************************************************************
*** G4Exception: printError
***    severity: Warning
***   issued by: 
*** description: Invalid value '{Drift1_length}' for argument 'length' to command 'box'
***    printing: every 10-th occurrence
**************************************************************************
box          Drift1        height=0 width=0 length=0 maxStep=0.5
                           material=Vacuum color=0.6,0.6,0.6 kill=0
place   Drift1  copies=1 sequentially along z; 
zntuple                    z={D1_end} zloop= noSingles=0 format=ascii
                           file=vd_D1_dispsup.txt filename=vd_D1_dispsup.txt
                           require=PDGid==-13 referenceParticle=0
                           coordinates=Centerline
genericquad  Q2            fieldLength=0 ironLength=0 ironRadius=0
                           apertureRadius=0 poleTipRadius=0 coilRadius=0
                           coilHalfwidth=0 coilHalfWidth=0 gradient=0
                           maxStep=0.5 ironMaterial=Fe fieldMaterial=Vacuum
                           ironColor=0.4,0.8,0.4 kill=0 fringe= fringeFactor=1
                           openAperture=0
**************************************************************************
*** G4Exception: printError
***    severity: Warning
***   issued by: 
*** description: place: element length is <= 0 -- cannot be placed sequentially
***    printing: every 10-th occurrence
**************************************************************************
place   Q2      copies=1 sequentially along z; 
zntuple                    z={Q2_end} zloop= noSingles=0 format=ascii
                           file=vd_Q2_dispsup.txt filename=vd_Q2_dispsup.txt
                           require=PDGid==-13 referenceParticle=0
                           coordinates=Centerline
box          Drift2        height=0 width=0 length=0 maxStep=0.5
                           material=Vacuum color=0.6,0.6,0.6 kill=0
place   Drift2  copies=1 sequentially along z; 
zntuple                    z={D2_end} zloop= noSingles=0 format=ascii
                           file=vd_D2_dispsup.txt filename=vd_D2_dispsup.txt
                           require=PDGid==-13 referenceParticle=0
                           coordinates=Centerline
**************************************************************************
*** G4Exception: printError
***    severity: Warning
***   issued by: 
*** description: Invalid value '{B1_height}+10' for argument 'ironHeight' to command 'genericbend'
***    printing: every 10-th occurrence
**************************************************************************
genericbend  B1            fieldWidth=0 fieldHeight=0 fieldLength=0
                           ironWidth=0 ironHeight=0 ironLength=0 By=nan
                           maxStep=0.5 fieldMaterial=Vacuum fieldColor=0,0,1
                           ironMaterial=Fe ironColor=0.6,0.6,0.6 kill=0
                           fringe= fringeFactor=1 openAperture=0
place   B1      copies=1 sequentially along z; 
zntuple                    z={B1_end} zloop= noSingles=0 format=ascii
                           file=vd_B1_dispsup.txt filename=vd_B1_dispsup.txt
                           require=PDGid==-13 referenceParticle=0
                           coordinates=Centerline
zntuple                    z={VD_z} zloop= noSingles=0 format=ascii
                           file={VD_FILENAME} filename={VD_FILENAME}
                           require=PDGid==-13 referenceParticle=0
                           coordinates=Centerline
**************************************************************************
*** G4Exception: Input Errors
***    severity: Fatal Exception
***   issued by: main
*** description: There were 35 errors in the input
**************************************************************************
g4beamline: attempting to close up after fatal G4Exception...

Exceptions: 1 Fatal, 0 Events Aborted, 0 Stuck Tracks (stopped), 35 Warnings
      1 times: Input Errors
     35 times: printError
g4beamline: simulation aborted
