G4BL_DIR=/home/incik/G4beamline-3.08
G4LEDATA=/home/incik/Geant4Data/G4EMLOW8.0
G4ENSDFSTATEDATA=/home/incik/Geant4Data/G4ENSDFSTATE2.3
G4PARTICLEXSDATA=/home/incik/Geant4Data/G4PARTICLEXS4.0
G4LEVELGAMMADATA=/home/incik/Geant4Data/PhotonEvaporation5.7
G4RADIOACTIVEDATA=/home/incik/Geant4Data/RadioactiveDecay5.6
G4beamline Process ID 29592

*************************************************************
 g4beamline version: 3.08                        (Aug 11 2022)
                      Copyright : Tom Roberts, Muons, Inc.
                        License : Gnu Public License
                            WWW : http://g4beamline.muonsinc.com

          ################################
          !!! G4Backtrace is activated !!!
          ################################


**************************************************************
 Geant4 version Name: geant4-11-00-patch-02 [MT]   (25-May-2022)
                       Copyright : Geant4 Collaboration
                      References : NIM A 506 (2003), 250-303
                                 : IEEE-TNS 53 (2006), 270-278
                                 : NIM A 835 (2016), 186-225
                             WWW : http://geant4.org/
**************************************************************

param        viewer        best,1
geometry                   nPoints=100 printGeometry=0 visual=0
                           tolerance=0.002
param        zbegin        0.0
start                      x=0 y=0 z=0 initialZ=0 rotation= radiusCut=300
                           ring=0
param        steppingFormat N,GLOBAL,CL,STEP,VOL,PROCESS,P,KE,POLAR,B
param        fieldVoxels   400,400,400
param        maxStep       0.5
param        minRangeCut   1
G4PhysListFactory::GetReferencePhysList <QGSP_BERT>  EMoption= 0
<<< Geant4 Physics List simulation engine: QGSP_BERT


physics      QGSP_BERT     disable= inactivate= deactivate= doStochastics=1
                           fluct=1 minRangeCut=1 list=0 gammaToMuPair=0
                           spinTracking=1 synchrotronRadiation=1
                           synchrotronRadiationMuon=0 maxTime=1e+06
trackcuts                  kill= keep=mu-,mu+ killSecondaries=0
                           kineticEnergyCut=0 kineticEnergyMax=1.798e+308
                           maxTime=1e+06 keepPrimaries=0 steppingVerbose=0
particlecolor              proton=1,1,1
particlecolor              pi+=0,1,0
particlecolor              mu+=1,0.5,0
particlecolor              mu-=0,1,0
particlecolor              e+=1,0,0
particlecolor              gamma=0,0,1
particlecolor              e-=1,0.5,0
param        nparticles    12000
param        beamfile      particles_before.txt
beam    ASCII   nEvents=12000 firstEvent=-1 lastEvent=2147483647 beamZ=0.0 maxR=1000000.0 renumber=0 weight=1.000000 
		filename=particles_before.txt format=BLTrackFile 
		
param        VDRad         300
virtualdetector VD         radius=300 innerRadius=0 height=600 width=600
                           length=0.2 maxStep=0.5 material= color=1,1,1
                           noSingles=0 format=asciiextended filename= file=
                           require= referenceParticle=0 coordinates=centerline
                           kill=0
material Diamond1 Mixture: 1.00*C
                density=3.510 temperature=273 pressure=1.0
param        pi            3.141592654
param        degrad        0.017453293
param        abshgt        11.212121838821835
param        abswidth      100
param        absLEN3       24
param        abshalfangle3 47.2
param        absoffset3    3.2780759424524413
param        wedge_z       12
extrusion    LHextrDS3     length=100 vertices=0,0;
                           -24/2,24/2/tan(47.2*0.017453293);
                           -24/2,11.212121838821835; 0,11.212121838821835
                           scale1=1 scale2=1 maxStep=0.1 material=Diamond1
                           color=1,0,1 kill=0 vertexes=0,0;
                           -24/2,24/2/tan(47.2*0.017453293);
                           -24/2,11.212121838821835; 0,11.212121838821835
extrusion    LHextrUS3     length=100 vertices=0,0; 0,11.212121838821835;
                           24/2,11.212121838821835;
                           24/2,24/2/tan(47.2*0.017453293) scale1=1 scale2=1
                           maxStep=0.1 material=Diamond1 color=1,0,1 kill=0
                           vertexes=0,0; 0,11.212121838821835;
                           24/2,11.212121838821835;
                           24/2,24/2/tan(47.2*0.017453293)
param        wedgeAxis     0
param        noWedge       0
place   LHextrDS3 copies=1 x=3.3 y=0.0 z=12.0 rotation='Z90,Y00,X90'
place   LHextrUS3 copies=1 x=3.3 y=0.0 z=12.0 rotation='Z90,Y00,X90'
place   VD      copies=1 x=0.0 y=0.0 z=25.1 rename='particles_after_first_wedge'
param        wedgeend      25
param        Drift1_kill_width 61.056593
param        Drift1_kill_height 61.056593
param        wall_clearance 1.0
param        Drift1_kill_length 41.95095
genericquad  Q1            fieldLength=100 ironLength=100 ironRadius=34.53
                           apertureRadius=29.53 poleTipRadius=0 coilRadius=0
                           coilHalfwidth=0 coilHalfWidth=0 gradient=-2.556
                           maxStep=0.5 ironMaterial=Fe fieldMaterial=Vacuum
                           ironColor=0.4,0.8,0.4 kill=1 fringe=0
                           fringeFactor=1 openAperture=0
place   Q1      copies=1 x=0.0 y=0.0 z=75.0 
zntuple                    z=125.000000000000 zloop= noSingles=0 format=ascii
                           file=vd_Q1_dispsup.txt filename=vd_Q1_dispsup.txt
                           require=PDGid==-13 referenceParticle=0
                           coordinates=Centerline
box          Drift1        height=59.06 width=59.06 length=43.95 maxStep=0.5
                           material=Vacuum color=0.6,0.6,0.6 kill=0
zntuple                    z=168.950950397025 zloop= noSingles=0 format=ascii
                           file=vd_D1_dispsup.txt filename=vd_D1_dispsup.txt
                           require=PDGid==-13 referenceParticle=0
                           coordinates=Centerline
box          Drift1_outer  height=61.06 width=61.06 length=41.95 maxStep=0.5
                           material=Vacuum color=1,0,0 kill=0
boolean      Drift1_wall   maxStep=0.5 material=Vacuum color=1,1,1 kill=1
                           op=subtraction x=0 y=0 z=0 rotation=
place   Drift1_wall copies=1 x=0.0 y=0.0 z=147.0 
genericquad  Q2            fieldLength=100 ironLength=100 ironRadius=34.53
                           apertureRadius=29.53 poleTipRadius=0 coilRadius=0
                           coilHalfwidth=0 coilHalfWidth=0 gradient=28.58
                           maxStep=0.5 ironMaterial=Fe fieldMaterial=Vacuum
                           ironColor=0.4,0.8,0.4 kill=1 fringe=0
                           fringeFactor=1 openAperture=0
place   Q2      copies=1 x=0.0 y=0.0 z=219.0 
zntuple                    z=268.950950397025 zloop= noSingles=0 format=ascii
                           file=vd_Q2_dispsup.txt filename=vd_Q2_dispsup.txt
                           require=PDGid==-13 referenceParticle=0
                           coordinates=Centerline
param        quadsend      268.950950397025
genericsectorbend B1       angle=2.001 fieldCenterRadius=1042
                           fieldInnerRadius=991.8 fieldOuterRadius=1092
                           fieldHeight=100 ironInnerRadius=990.8
                           ironOuterRadius=1093 ironHeight=110
                           fieldMaterial=Vacuum fieldColor=0,0,1
                           ironMaterial=Fe ironColor=0.6,0.6,0.6 maxStep=0.5
                           kill=1 SolenoidalField=0 DipoleField=0.628
                           QuadrupoleField=0 SkewQuadrupoleField=0
                           SextupoleField=0 SkewSextupoleField=0
                           OctupoleField=0 SkewOctupoleField=0 fringe=0
                           fringeFactor=1
place   B1      copies=1 x=0.0 y=0.0 z=270.2 
corner       B1_exit       z=270.2 rotation=Y2.0011147001062293 radiusCut=300
                           radius=0 height=0 width=0 length=1 maxStep=0.5
                           material=Vacuum color=
place   VD      copies=1 x=0.4 y=0.0 z=306.8 rename='vd_B1_dispsup'
                format=ascii

World size (before incrementing by 201.357 mm): 600.0 H  2083.7 W  634.7 L

PARAMETERS:
Drift1_kill_height=61.056593
Drift1_kill_length=41.95095
Drift1_kill_width=61.056593
          VDRad=300
            Zcl=306.917
        absLEN3=24
  abshalfangle3=47.2
         abshgt=11.212121838821835
     absoffset3=3.2780759424524413
       abswidth=100
       beamfile=particles_before.txt
         degrad=0.017453293
     deltaChord=3.0
deltaIntersection=0.1
   deltaOneStep=0.01
         epsMax=0.05
         epsMin=2.5e-7
 eventTimeLimit=30
    fieldVoxels=400,400,400
      histoFile=g4beamline
    histoUpdate=0
        maxStep=0.5
    minRangeCut=1
        minStep=0.01
        noWedge=0
     nparticles=12000
             pi=3.141592654
       quadsend=268.950950397025
 steppingFormat=N,GLOBAL,CL,STEP,VOL,PROCESS,P,KE,POLAR,B
steppingVerbose=0
         viewer=best,1
 wallClockLimit=-1
 wall_clearance=1.0
      wedgeAxis=0
        wedge_z=12
       wedgeend=25
  worldMaterial=Vacuum
     zTolerance=2.0
         zbegin=0.0
Checking overlaps for volume LHextrDS3:0 (G4ExtrudedSolid) ... OK! 
BLCMDextrusion::Construct LHextrDS3 parent= relZ=12.0 globZ=12.0
	zmin=-38.0 zmax=62.0 kill=0
Checking overlaps for volume LHextrUS3:0 (G4ExtrudedSolid) ... OK! 
BLCMDextrusion::Construct LHextrUS3 parent= relZ=12.0 globZ=12.0
	zmin=-38.0 zmax=62.0 kill=0
Checking overlaps for volume particles_after_first_wedge:0 (G4Tubs) ... OK! 
BLCMDvirtualdetector::Construct particles_after_first_wedge parent= relZ=25.1 globZ=25.1
Checking overlaps for volume Q1:0 (G4Tubs) ... OK! 
**************************************************************************
*** G4Exception: GeomVol1002
***    severity: Warning
***   issued by: G4PVPlacement::CheckOverlaps()
*** description: Overlap with volume already placed !
          Overlap is detected for volume Q1:0 (G4Tubs) with particles_after_first_wedge:0 (G4Tubs)
          overlap at local point (-28.0064,9.35737,-0.0461458) by 53.8542 um  (max of 3 cases)
NOTE: Reached maximum fixed number -1- of overlaps reports for this volume !
**************************************************************************
BLCMDgenericquad::Construct Q1 parent= relZ=75.0 globZ=75.0
Checking overlaps for volume Q1:0 (G4Tubs) ... Checking overlaps for volume Drift1_wall:0 (G4SubtractionSolid) ... OK! 
BLCMDboolean::Construct Drift1_wall parent= relZ=147.0 globZ=147.0
	zmin=126.0 zmax=168.0
Checking overlaps for volume Q2:0 (G4Tubs) ... OK! 
Checking overlaps for volume Q2:0 (G4Tubs) ... OK! 
BLCMDgenericquad::Construct Q2 parent= relZ=219.0 globZ=219.0
Checking overlaps for volume B1:0 (G4Tubs) ... OK! 
Checking overlaps for volume B1:0 (G4SubtractionSolid) ... OK! 
BLCMDgenericsectorbend::Construct B1 parent= relZ=270.2 globZ=270.2
Checking overlaps for volume vd_B1_dispsup:0 (G4Tubs) ... OK! 
BLCMDvirtualdetector::Construct vd_B1_dispsup parent= relZ=306.8 globZ=306.5
### Adding tracking cuts for neutron  TimeCut(ns)= 10000  KinEnergyCut(MeV)= 0

Geometry test nPoints=100 tolerance=0.002 mm:
Testing geometry for children of group 'World':
BLCMDgenericsectorbend does not participate in the geometry test
Total geometry errors = 0  0 seconds

================== Prepare Visualization ==================
Stochastic processes are enabled.
Available UI session types: [ Qt, tcsh, csh ]
QStandardPaths: wrong permissions on runtime directory /mnt/wslg/runtime-dir, 0777 instead of 0700
Visualization Manager instantiating with verbosity "warnings (3)"...
Visualization Manager initialising...
Registering graphics systems...

You have successfully registered the following graphics systems.
Registered graphics systems are:
  ASCIITree (ATree)
  DAWNFILE (DAWNFILE)
  G4HepRepFile (HepRepFile)
  RayTracer (RayTracer)
  VRML2FILE (VRML2FILE)
  gMocrenFile (gMocrenFile)
  OpenGLImmediateQt (OGLIQt, OGLI)
  OpenGLStoredQt (OGLSQt, OGL, OGLS)
  OpenGLImmediateX (OGLIX, OGLIQt_FALLBACK)
  OpenGLStoredX (OGLSX, OGLSQt_FALLBACK)
  RayTracerX (RayTracerX)

Registering model factories...

You have successfully registered the following model factories.
Registered model factories:
  generic
  drawByAttribute
  drawByCharge
  drawByOriginVolume
  drawByParticleID
  drawByEncounteredVolume

Registered models:
  None

Registered filter factories:
  attributeFilter
  chargeFilter
  originVolumeFilter
  particleFilter
  encounteredVolumeFilter

Registered filters:
  None

You have successfully registered the following user vis actions.
Run Duration User Vis Actions: none
End of Event User Vis Actions: none
End of Run User Vis Actions: none

Some /vis commands (optionally) take a string to specify colour.
"/vis/list" to see available colours.

Selected visualization viewer: Qt
BLVisManager init: /vis/open OGLSQt
BLVisManager init: /vis/viewer/set/auxiliaryEdge true
BLVisManager init: /vis/viewer/set/style surface
BLVisManager init: /vis/viewer/set/viewpointThetaPhi 0 0 deg
BLVisManager init: /vis/drawVolume
BLVisManager init: /tracking/storeTrajectory 1
BLVisManager init: /vis/scene/add/trajectories
/tracking/storeTrajectory 1
Attributes available for modeling and filtering with
  "/vis/modeling/trajectories/create/drawByAttribute" and
  "/vis/filtering/trajectories/create/attributeFilter" commands:
G4TrajectoriesModel:
  Event ID (EventID): G4int
  Run ID (RunID): G4int
G4Trajectory:
  Charge (Ch): unit: e+ (G4double)
  Track ID (ID): G4int
  Initial kinetic energy (IKE): G4BestUnit (G4double)
  Initial momentum magnitude (IMag): G4BestUnit (G4double)
  Initial momentum (IMom): G4BestUnit (G4ThreeVector)
  No. of points (NTP): G4int
  PDG Encoding (PDG): G4int
  Parent ID (PID): G4int
  Particle Name (PN): G4String
G4TrajectoryPoint:
  Position (Pos): G4BestUnit (G4ThreeVector)
WARNING: Trajectory storing has been requested.  This action may be
  reversed with "/tracking/storeTrajectory 0".
BLVisManager init: /vis/scene/endOfEventAction accumulate -1
WARNING: The vis manager will keep an unlimited number of events.
  This may use a lot of memory.
  It may be changed with, e.g., "/vis/scene/endOfEventAction accumulate 10".
BLVisManager init: /vis/viewer/set/hiddenMarker true

WARNING: No extent set for user vis action "DrawMarkers".
WARNING: User Vis Action "DrawMarkers" extent is null.
 Changing export format to "jpg"
**************************************************************************
*** G4Exception: EM Field Extends Outside World
***    severity: Warning
***   issued by: BLGlobalField
*** description: May give inaccurate tracking near world boundary.
***     EventID: 1     TrackID: 1   mu+  KE=39.98 MeV
**************************************************************************
fieldVoxels: nx=6 ny=3 nz=3, 54 voxels, 3 fields
fieldVoxels: max field count is 2 fields, # voxels >5: 0, >10: 0, >20: 0
SynRad:  Incoherent Synchrotron Radiation
Good description for long magnets at all energies.
100 events have been kept for refreshing and/or reviewing.
  "/vis/reviewKeptEvents" to review them one by one.
  "/vis/enable", then "/vis/viewer/flush" or "/vis/viewer/rebuild" to see them accumulated.

Graphics systems deleted.
Visualization Manager deleting...

Exceptions: 0 Fatal, 0 Events Aborted, 0 Stuck Tracks (stopped), 2 Warnings
      1 times: EM Field Extends Outside World
      1 times: GeomVol1002
g4beamline: simulation complete
